[www.arteva.fr/solution-edi/index.html]
[stats.webleads-tracker.com/101165934ns.gif]
[gmpg.org/xfn/11.html]
[www.arteva.fr/wp-content/themes/unbound/fonts/open-sans-v16-latin-regular.html]
[www.arteva.fr/wp-content/themes/unbound/fonts/open-sans-v16-latin-700.html]
[www.arteva.fr/wp-content/themes/unbound/fonts/open-sans-v16-latin-600.html]
[www.arteva.fr/wp-content/plugins/js_composer/assets/css/lib/vc-entypo/fonts/vc_entypo.woff]
[www.arteva.fr/wp-content/plugins/revslider/public/assets/fonts/revicons/revicons90c6.woff]
[backblue.gif]
[fade.gif]
[index.html]
[www.arteva.fr/wp-content/themes/unbound/fonts/fontawesome-webfont3e6e.html]
[www.arteva.fr/wp-content/plugins/radiantthemes-addons/assets/fonts/icofont.woff]
[www.arteva.fr/wp-content/uploads/2018/11/close-envelope.svg]
[www.arteva.fr/wp-content/uploads/2018/11/phone-receiver.svg]
[www.arteva.fr/wp-content/uploads/2018/11/up-arrow11-e1542105013650.png]
[www.arteva.fr/wp-includes/js/jquery/jquery.min9d52.js]
[www.google.com/index.html]
[www.arteva.fr/wp-json/wp/v2/pages/8310.json]
[fonts.googleapis.com/index.html]
[www.arteva.fr/wp-content/cache/min/1/1f692784e4806fc51aae043288d77900.css]
[www.arteva.fr/feed/index.html]
[www.arteva.fr/xmlrpc0db0.php]
[www.arteva.fr/comments/feed/index.html]
[www.arteva.fr/wp-includes/wlwmanifest.xml]
[www.arteva.fr/wp-content/cache/busting/1/gtm-25a84108557dabfe5c3f1629d60652a8.js]
[www.arteva.fr/wp-json/index.html]
[www.arteva.fr/wp-content/uploads/2018/08/fav-ico-16x16-1.ico]
[www.arteva.fr/wp-content/uploads/2018/08/fav-ico.png]
[www.arteva.fr/wp-content/uploads/2018/09/Arteva-sans-fond-HD-2-e1536841207845.png]
[www.arteva.fr/wp-content/uploads/2019/02/echange-de-donnees-informatisees-572x574.png]
[www.arteva.fr/wp-content/uploads/2020/03/solution_edi_b2apps.png]
[www.arteva.fr/solution-edi/plateforme-edi-partenaires/index.html]
[www.arteva.fr/wp-content/uploads/2018/10/logo-rond-arteva-sf2.png]
[www.google.com/recaptcha/api192a.js]
[www.arteva.fr/wp-content/plugins/wp-rocket/assets/js/lazyload/16.1/lazyload.min.js]
[www.arteva.fr/solution-edi/index.html]
[www.arteva.fr/wp-content/cache/min/1/17cbce7ff189c8c2dd6788b05a122e2a.js]
[gmpg.org/xfn/default.css]
[gmpg.org/xfn/.html]
[gmpg.org/xfn/intro.html]
[gmpg.org/xfn/11.html]
[www.arteva.fr/wp-content/themes/unbound/fonts/open-sans-v16-latin-regular.html]
[www.arteva.fr/wp-content/themes/unbound/fonts/open-sans-v16-latin-700.html]
[www.arteva.fr/wp-content/themes/unbound/fonts/open-sans-v16-latin-600.html]
[www.arteva.fr/wp-content/themes/unbound/fonts/fontawesome-webfont3e6e.html]
[gmpg.org/xfn/faq.html]
[fonts.googleapis.com/cssb7ff.css]
[www.arteva.fr/index.html]
[www.google.com/index.html]
[www.google.com/images/branding/googlelogo/1x/googlelogo_white_background_color_272x92dp.png]
[fonts.googleapis.com/index.html]
[fonts.gstatic.com/index.html]
[www.arteva.fr/indexcc98.html]
[www.arteva.fr/wp-content/uploads/2019/06/photo-contact-2199d.jpg]
[www.arteva.fr/wp-content/cache/min/1/89b45991cdd7d7a89b1e533a226b4a75.css]
[www.arteva.fr/wp-json/wp/v2/pages/9038.json]
[www.arteva.fr/wp-content/uploads/2019/06/edi-carrefour.png]
[www.arteva.fr/wp-content/uploads/2019/06/edi-auchan-1.png]
[www.arteva.fr/wp-content/uploads/2019/06/edi-systeme-u.png]
[www.arteva.fr/solution-edi/plateforme-edi-partenaires/edi-auchan/index.html]
[www.arteva.fr/solution-edi/plateforme-edi-partenaires/edi-carrefour/index.html]
[www.arteva.fr/solution-edi/plateforme-edi-partenaires/edi-systeme-u/index.html]
[www.arteva.fr/wp-content/uploads/2019/06/edi-cora.png]
[www.arteva.fr/wp-content/uploads/2019/06/edi-casino.png]
[www.arteva.fr/solution-edi/plateforme-edi-partenaires/edi-cora/index.html]
[www.arteva.fr/wp-content/uploads/2019/06/edi-leclerc.png]
[www.arteva.fr/solution-edi/plateforme-edi-partenaires/edi-casino/index.html]
[www.arteva.fr/wp-content/uploads/2019/06/edi-monoprix.png]
[www.arteva.fr/solution-edi/plateforme-edi-partenaires/edi-leclerc/index.html]
[www.arteva.fr/solution-edi/plateforme-edi-partenaires/edi-monoprix/index.html]
[www.arteva.fr/wp-content/uploads/2019/06/edi-metro.png]
[www.arteva.fr/wp-content/uploads/2019/06/edi-leroy-merlin.png]
[www.arteva.fr/solution-edi/plateforme-edi-partenaires/edi-metro/index.html]
[www.arteva.fr/wp-content/uploads/2019/06/edi-castorama.png]
[www.arteva.fr/solution-edi/plateforme-edi-partenaires/edi-leroy-merlin/index.html]
[www.arteva.fr/wp-content/uploads/2019/06/edi-mr-bricolage.png]
[www.arteva.fr/solution-edi/plateforme-edi-partenaires/edi-castorama/index.html]
[www.arteva.fr/wp-content/uploads/2019/06/edi-brico-depot.png]
[www.arteva.fr/solution-edi/plateforme-edi-partenaires/edi-mr-bricolage/index.html]
[www.arteva.fr/solution-edi/plateforme-edi-partenaires/edi-samse/index.html]
[www.arteva.fr/wp-content/uploads/2019/06/edi-samse.png]
[www.arteva.fr/wp-content/uploads/2019/10/edi-bosch.png]
[www.arteva.fr/wp-content/uploads/2019/10/edi-bricomarche.png]
[www.arteva.fr/wp-content/uploads/2019/06/edi-gedimat.png]
[www.arteva.fr/solution-edi/plateforme-edi-partenaires/edi-brico-depot/index.html]
[www.arteva.fr/solution-edi/plateforme-edi-partenaires/edi-bricomarche/index.html]
[www.arteva.fr/solution-edi/plateforme-edi-partenaires/edi-gedimat/index.html]
[www.arteva.fr/wp-content/uploads/2019/06/edi-schneider.png]
[www.arteva.fr/wp-content/uploads/2019/06/edi-supplyon.png]
[www.arteva.fr/wp-content/uploads/2019/06/edi-rexel.png]
[www.arteva.fr/solution-edi/plateforme-edi-partenaires/edi-bosch/index.html]
[www.arteva.fr/solution-edi/plateforme-edi-partenaires/edi-schneider-electric/index.html]
[www.arteva.fr/solution-edi/plateforme-edi-partenaires/edi-rexel/index.html]
[www.arteva.fr/wp-content/uploads/2019/06/edi-valeo.png]
[www.arteva.fr/solution-edi/plateforme-edi-partenaires/edi-valeo/index.html]
[www.arteva.fr/wp-content/uploads/2019/06/edi-ccas.png]
[www.arteva.fr/wp-content/uploads/2019/06/edi-chorus-pro.png]
[www.arteva.fr/solution-edi/plateforme-edi-partenaires/factures-chorus-pro/index.html]
[www.arteva.fr/wp-content/uploads/2019/06/edi-sdi-sistema-de-interscambio.png]
[www.arteva.fr/solution-edi/plateforme-edi-partenaires/portail-ccas/index.html]
[www.arteva.fr/wp-content/uploads/2019/06/edi-ugap.png]
[www.arteva.fr/solution-edi/plateforme-edi-partenaires/sdi-facture-italie/index.html]
[www.arteva.fr/solution-edi/plateforme-edi-partenaires/edi-airsupply/index.html]
[www.arteva.fr/wp-content/uploads/2019/06/edi-galeries-lafayette.png]
[www.arteva.fr/solution-edi/plateforme-edi-partenaires/edi-galeries-lafayette/index.html]
[www.arteva.fr/wp-content/uploads/2019/06/edi-konen.png]
[www.arteva.fr/solution-edi/plateforme-edi-partenaires/edi-konen/index.html]
[www.arteva.fr/wp-content/uploads/2019/06/edi-el-corte-ingles.png]
[www.arteva.fr/solution-edi/plateforme-edi-partenaires/b2apps-ugap/index.html]
[www.arteva.fr/wp-content/uploads/2019/06/edi-printemps.png]
[www.arteva.fr/wp-content/uploads/2019/06/edi-cdiscount.png]
[www.arteva.fr/solution-edi/plateforme-edi-partenaires/edi-el-corte-ingles/index.html]
[www.arteva.fr/wp-content/uploads/2019/10/edi_3suisses.png]
[www.arteva.fr/solution-edi/plateforme-edi-partenaires/edi-cdiscount/index.html]
[www.arteva.fr/wp-content/uploads/2019/09/edi_amazon.png]
[www.arteva.fr/solution-edi/plateforme-edi-partenaires/edi-printemps/index.html]
[www.arteva.fr/solution-edi/plateforme-edi-partenaires/edi-3suisses/index.html]
[www.arteva.fr/solution-edi/plateforme-edi-partenaires/edi-amazon/index.html]
[www.arteva.fr/wp-content/uploads/2019/10/edi_1001pneus.png]
[www.arteva.fr/solution-edi/plateforme-edi-partenaires/index.html]
[gmpg.org/xfn/.html]
[gmpg.org/xfn/intro.html]
[gmpg.org/xfn/faq.html]
[fonts.googleapis.com/css8c58.css]
[www.arteva.fr/index0dcc.html]
[www.arteva.fr/solution-edi/plateforme-edi-partenaires/edi-1001pneus/index.html]
[www.arteva.fr/wp-content/cache/min/1/58984597412275accf6096bd7cf46fff.css]
[www.arteva.fr/wp-json/wp/v2/pages/13035.json]
[www.arteva.fr/wp-content/uploads/2019/09/b2apps_carrefour-300x139.png]
[www.arteva.fr/wp-content/uploads/2019/09/Schéma-B2Apps-Carrefour.png]
[www.arteva.fr/wp-content/uploads/2019/09/avantagesorchestrade.png]
[www.arteva.fr/solution-edi/plateforme-edi-partenaires/edi-carrefour/index.html]
[www.arteva.fr/wp-json/wp/v2/pages/13055.json]
[www.arteva.fr/wp-content/cache/min/1/7f0090f29c367de509254ef37fc7df91.js]
[www.arteva.fr/wp-content/uploads/2019/09/b2apps_auchan-300x139.png]
[www.arteva.fr/wp-content/cache/min/1/a2d604b289339ac869eb90c75e7ed5fd.js]
[www.arteva.fr/wp-content/uploads/2019/10/Schéma-B2AppsAuchan-1024x844.png]
[www.arteva.fr/wp-content/uploads/2019/10/Schéma-B2AppsAuchan.png]
[www.arteva.fr/solution-edi/plateforme-edi-partenaires/edi-auchan/index.html]
[www.arteva.fr/wp-json/wp/v2/pages/13063.json]
[www.arteva.fr/wp-content/uploads/2019/09/b2apps_systemeu-300x139.png]
[www.arteva.fr/wp-content/uploads/2019/10/Schéma-B2Apps-SystèmeU-1024x844.png]
[www.arteva.fr/solution-edi/plateforme-edi-partenaires/edi-systeme-u/index.html]
[www.arteva.fr/wp-content/uploads/2019/10/Schéma-B2Apps-SystèmeU.png]
[www.arteva.fr/wp-json/wp/v2/pages/13080.json]
[www.arteva.fr/wp-content/uploads/2019/09/cora_b2apps-300x139.png]
[www.arteva.fr/wp-content/uploads/2019/09/Schéma-B2Apps-Cora-1024x844.png]
[www.arteva.fr/solution-edi/plateforme-edi-partenaires/edi-cora/index.html]
[www.arteva.fr/wp-content/uploads/2019/09/Schéma-B2Apps-Cora.png]
[www.arteva.fr/wp-json/wp/v2/pages/13084.json]
[www.arteva.fr/wp-content/uploads/2019/09/casino_b2apps-300x139.png]
[www.arteva.fr/wp-content/uploads/2019/09/Schéma-B2Apps-Casino-1024x844.png]
[www.arteva.fr/solution-edi/plateforme-edi-partenaires/edi-casino/index.html]
[www.arteva.fr/wp-content/uploads/2019/09/Schéma-B2Apps-Casino.png]
[www.arteva.fr/wp-json/wp/v2/pages/13089.json]
[www.arteva.fr/wp-content/uploads/2019/09/leclerc_b2apps-300x139.png]
[www.arteva.fr/wp-content/uploads/2019/09/Schéma-B2Apps-Leclerc-1024x844.png]
[www.arteva.fr/solution-edi/plateforme-edi-partenaires/edi-leclerc/index.html]
[www.arteva.fr/wp-content/uploads/2019/09/Schéma-B2Apps-Leclerc.png]
[www.arteva.fr/wp-json/wp/v2/pages/13094.json]
[www.arteva.fr/wp-content/uploads/2019/09/monoprix_b2apps-300x139.png]
[www.arteva.fr/wp-content/uploads/2019/09/Schéma-B2Apps-Monoprix-1024x844.png]
[www.arteva.fr/wp-content/uploads/2019/09/Schéma-B2Apps-Monoprix.png]
[www.arteva.fr/solution-edi/plateforme-edi-partenaires/edi-monoprix/index.html]
[www.arteva.fr/wp-json/wp/v2/pages/13099.json]
[www.arteva.fr/wp-content/uploads/2019/09/metro_b2apps-300x139.png]
[www.arteva.fr/wp-content/uploads/2019/09/Schéma-B2Apps-Metro-1024x844.png]
[www.arteva.fr/wp-content/uploads/2019/09/Schéma-B2Apps-Metro.png]
[www.arteva.fr/solution-edi/plateforme-edi-partenaires/edi-metro/index.html]
[www.arteva.fr/wp-json/wp/v2/pages/12181.json]
[www.arteva.fr/wp-content/uploads/2019/06/B2APPS-LeroyMerlin-300x139.png]
[www.arteva.fr/wp-content/uploads/2019/09/Schéma-B2Apps-Leroy-Merlin-1024x844.png]
[www.arteva.fr/wp-content/uploads/2019/09/Schéma-B2Apps-Leroy-Merlin.png]
[www.arteva.fr/solution-edi/plateforme-edi-partenaires/edi-leroy-merlin/index.html]
[www.arteva.fr/wp-json/wp/v2/pages/13103.json]
[www.arteva.fr/wp-content/uploads/2019/09/castorama_b2apps-300x139.png]
[www.arteva.fr/wp-content/uploads/2019/09/Schéma-B2Apps-Castorama-1024x844.png]
[www.arteva.fr/wp-content/uploads/2019/09/Schéma-B2Apps-Castorama.png]
[www.arteva.fr/solution-edi/plateforme-edi-partenaires/edi-castorama/index.html]
[www.arteva.fr/wp-json/wp/v2/pages/13108.json]
[www.arteva.fr/wp-content/uploads/2019/09/mrbricolage_b2apps-300x139.png]
[www.arteva.fr/wp-content/uploads/2019/09/Schéma-B2Apps-Mr-Bricolage-1024x844.png]
[www.arteva.fr/solution-edi/plateforme-edi-partenaires/edi-mr-bricolage/index.html]
[www.arteva.fr/wp-content/uploads/2019/09/Schéma-B2Apps-Mr-Bricolage.png]
[www.arteva.fr/wp-json/wp/v2/pages/13113.json]
[www.arteva.fr/wp-content/uploads/2020/05/bricodepot-b2apps.png]
[www.arteva.fr/solution-edi/plateforme-edi-partenaires/edi-brico-depot/index.html]
[www.arteva.fr/wp-content/uploads/2020/05/b2apps-brico-depot.png]
[www.arteva.fr/wp-json/wp/v2/pages/13119.json]
[www.arteva.fr/wp-content/uploads/2019/09/samse_b2apps-300x139.png]
[www.arteva.fr/wp-content/uploads/2019/09/Schéma-B2Apps-Samse-1024x844.png]
[www.arteva.fr/solution-edi/plateforme-edi-partenaires/edi-samse/index.html]
[www.arteva.fr/wp-content/uploads/2019/09/Schéma-B2Apps-Samse.png]
[www.arteva.fr/wp-json/wp/v2/pages/13123.json]
[www.arteva.fr/wp-content/uploads/2019/10/b2apps_bosch-300x139.png]
[www.arteva.fr/wp-content/uploads/2019/10/Schéma-B2Apps-Bosch-1024x844.png]
[www.arteva.fr/solution-edi/plateforme-edi-partenaires/edi-bosch/index.html]
[www.arteva.fr/wp-content/uploads/2019/10/Schéma-B2Apps-Bosch.png]
[www.arteva.fr/wp-json/wp/v2/pages/13128.json]
[www.arteva.fr/wp-content/uploads/2019/10/b2apps_bricomarche-300x139.png]
[www.arteva.fr/wp-content/uploads/2019/10/Schéma-B2Apps-Bricomarche-1024x844.png]
[www.arteva.fr/solution-edi/plateforme-edi-partenaires/edi-bricomarche/index.html]
[www.arteva.fr/wp-content/uploads/2019/10/Schéma-B2Apps-Bricomarche.png]
[www.arteva.fr/wp-json/wp/v2/pages/13132.json]
[www.arteva.fr/wp-content/uploads/2019/09/gedimat_b2apps-300x139.png]
[www.arteva.fr/wp-content/uploads/2019/09/Schéma-B2Apps-Gedimat-1024x844.png]
[www.arteva.fr/solution-edi/plateforme-edi-partenaires/edi-gedimat/index.html]
[www.arteva.fr/wp-content/uploads/2019/09/Schéma-B2Apps-Gedimat.png]
[www.arteva.fr/wp-json/wp/v2/pages/13136.json]
[www.arteva.fr/wp-content/uploads/2019/09/schneider_electric_b2apps-300x139.png]
[www.arteva.fr/wp-content/uploads/2019/09/Schéma-B2Apps-Schneider-Electric-1024x844.png]
[www.arteva.fr/solution-edi/plateforme-edi-partenaires/edi-schneider-electric/index.html]
[www.arteva.fr/wp-content/uploads/2019/09/Schéma-B2Apps-Schneider-Electric.png]
[www.arteva.fr/wp-json/wp/v2/pages/12969.json]
[www.arteva.fr/wp-content/uploads/2019/09/supplyon-b2apps-300x139.png]
[www.arteva.fr/wp-content/uploads/2019/09/Schéma-B2Apps-Airsupply-1024x844.png]
[www.arteva.fr/solution-edi/plateforme-edi-partenaires/edi-airsupply/index.html]
[www.arteva.fr/wp-content/uploads/2019/09/Schéma-B2Apps-Airsupply.png]
[www.arteva.fr/wp-json/wp/v2/pages/13140.json]
[www.arteva.fr/wp-content/uploads/2019/09/rexel_b2apps-300x139.png]
[www.arteva.fr/wp-content/uploads/2019/09/Schéma-B2Apps-Rexel-1024x844.png]
[www.arteva.fr/solution-edi/plateforme-edi-partenaires/edi-rexel/index.html]
[www.arteva.fr/wp-content/uploads/2019/09/Schéma-B2Apps-Rexel.png]
[www.arteva.fr/wp-json/wp/v2/pages/13144.json]
[www.arteva.fr/wp-content/uploads/2019/09/valeo_b2apps-300x139.png]
[www.arteva.fr/wp-content/uploads/2019/09/Schéma-B2Apps-Valeo-1024x844.png]
[www.arteva.fr/solution-edi/plateforme-edi-partenaires/edi-valeo/index.html]
[www.arteva.fr/wp-content/uploads/2019/09/Schéma-B2Apps-Valeo.png]
[www.arteva.fr/wp-json/wp/v2/pages/13182.json]
[www.arteva.fr/wp-content/uploads/2019/09/ccas-1-300x139.png]
[www.arteva.fr/wp-content/uploads/2019/09/Schéma-B2Apps-CCAS-1024x844.png]
[www.arteva.fr/solution-edi/plateforme-edi-partenaires/portail-ccas/index.html]
[www.arteva.fr/wp-content/uploads/2019/09/Schéma-B2Apps-CCAS.png]
[www.arteva.fr/wp-json/wp/v2/pages/13187.json]
[www.arteva.fr/wp-content/uploads/2019/10/chorus_b2apps-300x139.png]
[www.arteva.fr/wp-content/uploads/2019/09/Schéma-B2Apps-Chorus-Pro-1024x844.png]
[www.arteva.fr/solution-edi/plateforme-edi-partenaires/factures-chorus-pro/index.html]
[www.arteva.fr/wp-content/uploads/2019/09/Schéma-B2Apps-Chorus-Pro.png]
[www.arteva.fr/wp-json/wp/v2/pages/13189.json]
[www.arteva.fr/wp-content/uploads/2019/09/sdi-b2apps-300x139.png]
[www.arteva.fr/wp-content/uploads/2019/09/Schéma-B2Apps-SdI-1024x844.png]
[www.arteva.fr/solution-edi/plateforme-edi-partenaires/sdi-facture-italie/index.html]
[www.arteva.fr/wp-content/uploads/2019/09/Schéma-B2Apps-SdI.png]
[www.arteva.fr/wp-json/wp/v2/pages/13193.json]
[www.arteva.fr/wp-content/uploads/2019/09/ugap_b2apps-300x139.png]
[www.arteva.fr/wp-content/uploads/2019/09/Schéma-B2Apps-UGAP-1024x844.png]
[www.arteva.fr/solution-edi/plateforme-edi-partenaires/b2apps-ugap/index.html]
[www.arteva.fr/wp-content/uploads/2019/09/Schéma-B2Apps-UGAP.png]
[www.arteva.fr/wp-json/wp/v2/pages/13148.json]
[www.arteva.fr/wp-content/uploads/2019/09/galeries_lafayette_b2apps-300x139.png]
[www.arteva.fr/wp-content/uploads/2019/09/Schéma-B2Apps-Galeries-Lafayette-1024x844.png]
[www.arteva.fr/solution-edi/plateforme-edi-partenaires/edi-galeries-lafayette/index.html]
[www.arteva.fr/wp-content/uploads/2019/09/Schéma-B2Apps-Galeries-Lafayette.png]
[www.arteva.fr/wp-json/wp/v2/pages/13153.json]
[www.arteva.fr/wp-content/uploads/2019/09/konen_b2apps-300x139.png]
[www.arteva.fr/wp-content/uploads/2019/09/Schéma-B2Apps-Konen-1024x844.png]
[www.arteva.fr/solution-edi/plateforme-edi-partenaires/edi-konen/index.html]
[www.arteva.fr/wp-content/uploads/2019/09/Schéma-B2Apps-Konen.png]
[www.arteva.fr/wp-json/wp/v2/pages/13157.json]
[www.arteva.fr/wp-content/uploads/2019/09/elcorteingles_b2apps-300x139.png]
[www.arteva.fr/wp-content/uploads/2019/09/Schéma-B2Apps-El-corte-Ingles-1-1024x844.png]
[www.arteva.fr/solution-edi/plateforme-edi-partenaires/edi-el-corte-ingles/index.html]
[www.arteva.fr/wp-content/uploads/2019/09/Schéma-B2Apps-El-corte-Ingles-1.png]
[www.arteva.fr/wp-json/wp/v2/pages/13165.json]
[www.arteva.fr/wp-content/uploads/2019/09/printemps_b2apps-300x139.png]
[www.arteva.fr/wp-content/uploads/2019/09/Schéma-B2Apps-Printemps-1024x844.png]
[www.arteva.fr/solution-edi/plateforme-edi-partenaires/edi-printemps/index.html]
[www.arteva.fr/wp-content/uploads/2019/09/Schéma-B2Apps-Printemps.png]
[www.arteva.fr/wp-json/wp/v2/pages/12306.json]
[www.arteva.fr/wp-content/uploads/2019/09/cdiscount_b2apps-300x139.png]
[www.arteva.fr/wp-content/uploads/2019/09/Schéma-B2Apps-Cdiscount-1024x844.png]
[www.arteva.fr/wp-content/uploads/2019/09/Schéma-B2Apps-Cdiscount.png]
[ajax.googleapis.com/ajax/libs/jquery/1.10.2/jquery.min.js]
[www.arteva.fr/solution-edi/plateforme-edi-partenaires/edi-cdiscount/index.html]
[www.arteva.fr/wp-json/wp/v2/pages/13382.json]
[www.arteva.fr/wp-content/uploads/2019/10/b2apps_3suisses-300x139.png]
[www.arteva.fr/wp-content/cache/min/1/43dfe08d60ff4bc3a1d10dacf1f5590b.js]
[www.arteva.fr/wp-content/uploads/2019/10/Schéma-B2Apps-3Suisses-1024x844.png]
[www.arteva.fr/solution-edi/plateforme-edi-partenaires/edi-3suisses/index.html]
[www.arteva.fr/wp-content/uploads/2019/10/Schéma-B2Apps-3Suisses.png]
[www.arteva.fr/wp-json/wp/v2/pages/12317.json]
[www.arteva.fr/wp-content/uploads/2019/09/amazon_b2apps-300x139.png]
[www.arteva.fr/wp-content/uploads/2019/09/Schéma-B2Apps-Amazon-1024x844.png]
[www.arteva.fr/wp-content/uploads/2019/09/Schéma-B2Apps-Amazon.png]
[www.arteva.fr/solution-edi/plateforme-edi-partenaires/edi-amazon/index.html]
[www.arteva.fr/wp-json/wp/v2/pages/13390.json]
[www.arteva.fr/wp-content/uploads/2019/10/b2apps_1001pneus-300x139.png]
[www.arteva.fr/wp-content/uploads/2019/10/Schéma-B2Apps-1001pneus-1024x844.png]
[www.arteva.fr/wp-content/uploads/2019/10/Schéma-B2Apps-1001pneus.png]
[www.arteva.fr/solution-edi/plateforme-edi-partenaires/edi-1001pneus/index.html]
[www.arteva.fr/indexa6ba.html]
[www.arteva.fr/indexa910.html]
[www.arteva.fr/index89b1.html]
[www.arteva.fr/index1d56.html]
[www.arteva.fr/index74f4.html]
[www.arteva.fr/indexb608.html]
[www.arteva.fr/indexb144.html]
[www.arteva.fr/index92c7.html]
[www.arteva.fr/index35a8.html]
[www.arteva.fr/index57be.html]
[www.arteva.fr/index732f.html]
[www.arteva.fr/index5fda.html]
[www.arteva.fr/indexbbe1.html]
[www.arteva.fr/index4f4b.html]
[www.arteva.fr/index6fb9.html]
[www.arteva.fr/index634b.html]
[www.arteva.fr/index30af.html]
[www.arteva.fr/indexeb3a.html]
[www.arteva.fr/index9889.html]
[www.arteva.fr/index47a6.html]
[www.arteva.fr/indexae49.html]
[www.arteva.fr/indexf548.html]
[www.arteva.fr/index842d.html]
[www.arteva.fr/index53af.html]
[www.arteva.fr/index7f53.html]
[www.arteva.fr/index9c68.html]
[www.arteva.fr/index7967.html]
[www.arteva.fr/index86dc.html]
[www.arteva.fr/index4e9e.html]
[www.arteva.fr/index41bd.html]
[www.arteva.fr/index62ba.html]
[www.arteva.fr/index46bc.html]
[www.googletagmanager.com/gtm5445.html]
[stats.webleads-tracker.com/101165934ns.gif]
[www.arteva.fr/wp-content/plugins/js_composer/assets/css/lib/vc-entypo/fonts/vc_entypo.woff]
[www.arteva.fr/wp-content/plugins/radiantthemes-addons/assets/fonts/icofont.woff]
[www.arteva.fr/wp-content/themes/unbound/fonts/fontawesome-webfont3e6e.html]
[www.arteva.fr/feed/index.html]
[www.arteva.fr/wp-content/uploads/2018/11/close-envelope.svg]
[www.arteva.fr/comments/feed/index.html]
[www.arteva.fr/wp-content/uploads/2018/11/phone-receiver.svg]
[www.arteva.fr/wp-json/index.html]
[www.arteva.fr/wp-json/wp/v2/pages/8310.json]
[www.arteva.fr/xmlrpc0db0.php]
[www.arteva.fr/wp-content/themes/unbound/fonts/glyphicons-halflings-regular.svg]
[www.arteva.fr/wp-content/themes/unbound/fonts/fontawesome-webfont3e6e.svg]
[www.arteva.fr/wp-content/themes/unbound/fonts/elusiveicons-webfont28b5.svg]
[www.google.com/recaptcha/api192a.js]
[www.arteva.fr/wp-content/themes/unbound/images/blog-001-footer-icons.png]
[www.arteva.fr/wp-content/cache/min/1/17cbce7ff189c8c2dd6788b05a122e2a.js]
[www.arteva.fr/wp-content/plugins/js_composer/assets/vc/alert.png]
[www.arteva.fr/wp-json/wp/v2/pages/9038.json]
[www.arteva.fr/wp-content/plugins/js_composer/assets/vc/info.png]
[www.arteva.fr/wp-content/plugins/js_composer/assets/vc/tick.png]
[www.arteva.fr/wp-json/wp/v2/pages/13035.json]
[www.arteva.fr/wp-content/plugins/js_composer/assets/vc/exclamation.png]
[www.arteva.fr/wp-content/cache/min/1/7f0090f29c367de509254ef37fc7df91.js]
[www.arteva.fr/wp-json/wp/v2/pages/13055.json]
[www.arteva.fr/wp-content/plugins/js_composer/assets/images/icons/address-book.png]
[www.arteva.fr/wp-content/plugins/js_composer/assets/images/icons/alarm-clock.png]
[www.arteva.fr/wp-content/cache/min/1/a2d604b289339ac869eb90c75e7ed5fd.js]
[www.arteva.fr/wp-json/wp/v2/pages/13063.json]
[www.arteva.fr/wp-content/plugins/js_composer/assets/images/icons/anchor.png]
[www.arteva.fr/wp-content/plugins/js_composer/assets/images/icons/application-image.png]
[www.arteva.fr/wp-content/plugins/js_composer/assets/images/icons/arrow.png]
[www.arteva.fr/wp-json/wp/v2/pages/13080.json]
[www.arteva.fr/wp-content/plugins/js_composer/assets/images/icons/asterisk.png]
[www.arteva.fr/wp-json/wp/v2/pages/13084.json]
[www.arteva.fr/wp-json/wp/v2/pages/13089.json]
[www.arteva.fr/wp-content/plugins/js_composer/assets/images/icons/auction-hammer.png]
[www.arteva.fr/wp-content/plugins/js_composer/assets/images/icons/balloon.png]
[www.arteva.fr/wp-content/plugins/js_composer/assets/images/icons/balloon-buzz.png]
[www.arteva.fr/wp-json/wp/v2/pages/13094.json]
[www.arteva.fr/wp-json/wp/v2/pages/13099.json]
[www.arteva.fr/wp-content/plugins/js_composer/assets/images/icons/balloon-facebook.png]
[www.arteva.fr/wp-content/plugins/js_composer/assets/images/icons/balloon-twitter.png]
[www.arteva.fr/wp-json/wp/v2/pages/12181.json]
[www.arteva.fr/wp-content/plugins/js_composer/assets/images/icons/battery-full.png]
[www.arteva.fr/wp-json/wp/v2/pages/13103.json]
[www.arteva.fr/wp-content/plugins/js_composer/assets/images/icons/binocular.png]
[www.arteva.fr/wp-content/plugins/js_composer/assets/images/icons/blue-document-excel.png]
[www.arteva.fr/wp-json/wp/v2/pages/13108.json]
[www.arteva.fr/wp-content/plugins/js_composer/assets/images/icons/blue-document-image.png]
[www.arteva.fr/wp-json/wp/v2/pages/13113.json]
[www.arteva.fr/wp-content/plugins/js_composer/assets/images/icons/blue-document-music.png]
[www.arteva.fr/wp-json/wp/v2/pages/13119.json]
[www.arteva.fr/wp-content/plugins/js_composer/assets/images/icons/blue-document-office.png]
[www.arteva.fr/wp-json/wp/v2/pages/13123.json]
[www.arteva.fr/wp-content/plugins/js_composer/assets/images/icons/blue-document-pdf.png]
[www.arteva.fr/wp-json/wp/v2/pages/13128.json]
[www.arteva.fr/wp-content/plugins/js_composer/assets/images/icons/blue-document-powerpoint.png]
[www.arteva.fr/wp-json/wp/v2/pages/13132.json]
[www.arteva.fr/wp-content/plugins/js_composer/assets/images/icons/blue-document-word.png]
[www.arteva.fr/wp-content/plugins/js_composer/assets/images/icons/bookmark.png]
[www.arteva.fr/wp-json/wp/v2/pages/13136.json]
[www.arteva.fr/wp-json/wp/v2/pages/12969.json]
[www.arteva.fr/wp-content/plugins/js_composer/assets/images/icons/camcorder.png]
[www.arteva.fr/wp-json/wp/v2/pages/13140.json]
[www.arteva.fr/wp-content/plugins/js_composer/assets/images/icons/camera.png]
[www.arteva.fr/wp-json/wp/v2/pages/13144.json]
[www.arteva.fr/wp-content/plugins/js_composer/assets/images/icons/chart.png]
[www.arteva.fr/wp-content/plugins/js_composer/assets/images/icons/chart-pie.png]
[www.arteva.fr/wp-json/wp/v2/pages/13187.json]
[www.arteva.fr/wp-json/wp/v2/pages/13182.json]
[www.arteva.fr/wp-content/plugins/js_composer/assets/images/icons/clock.png]
[www.arteva.fr/wp-json/wp/v2/pages/13189.json]
[www.arteva.fr/wp-content/plugins/js_composer/assets/images/icons/control.png]
[www.arteva.fr/wp-content/plugins/js_composer/assets/images/icons/fire.png]
[www.arteva.fr/wp-content/plugins/js_composer/assets/images/icons/heart.png]
[www.arteva.fr/wp-json/wp/v2/pages/13193.json]
[www.arteva.fr/wp-json/wp/v2/pages/13148.json]
[www.arteva.fr/wp-content/plugins/js_composer/assets/images/icons/mail.png]
[www.arteva.fr/wp-json/wp/v2/pages/13153.json]
[www.arteva.fr/wp-content/plugins/js_composer/assets/images/icons/plus-shield.png]
[www.arteva.fr/wp-content/plugins/js_composer/assets/images/icons/video.png]
[www.arteva.fr/wp-json/wp/v2/pages/13157.json]
[www.arteva.fr/wp-json/wp/v2/pages/13165.json]
[www.arteva.fr/wp-content/plugins/js_composer/assets/fonts/vc_icons_v2/fonts/vcpb-plugin-iconsb82a.svg]
[www.arteva.fr/wp-content/plugins/js_composer/assets/images/toggle_open.png]
[www.arteva.fr/wp-json/wp/v2/pages/12306.json]
[www.arteva.fr/wp-content/plugins/js_composer/assets/images/toggle_close.png]
[www.arteva.fr/wp-content/plugins/js_composer/assets/images/flickr.png]
[www.arteva.fr/wp-json/wp/v2/pages/13382.json]
[ajax.googleapis.com/ajax/libs/jquery/1.10.2/jquery.min.js]
[www.arteva.fr/wp-content/plugins/js_composer/assets/vc/blur.svg]
[www.arteva.fr/wp-json/wp/v2/pages/12317.json]
[www.arteva.fr/wp-content/plugins/js_composer/assets/fonts/vc_grid/vc_grid_v157a1.svg]
[www.arteva.fr/wp-content/cache/min/1/43dfe08d60ff4bc3a1d10dacf1f5590b.js]
[www.arteva.fr/wp-content/plugins/js_composer/assets/images/spinner.gif]
[www.arteva.fr/wp-json/wp/v2/pages/13390.json]
[www.arteva.fr/wp-content/plugins/js_composer/assets/vc/remove.png]
[www.arteva.fr/wp-content/cache/min/1/1f692784e4806fc51aae043288d77900.css]
[www.arteva.fr/index.html]
[www.arteva.fr/indexcc98.html]
[www.arteva.fr/solution-edi/plateforme-edi-partenaires/index.html]
[gmpg.org/xfn/default.css]
[fonts.googleapis.com/css8c58.css]
[www.arteva.fr/wp-content/cache/min/1/89b45991cdd7d7a89b1e533a226b4a75.css]
[www.arteva.fr/index0dcc.html]
[www.arteva.fr/solution-edi/plateforme-edi-partenaires/edi-auchan/index.html]
[www.arteva.fr/solution-edi/plateforme-edi-partenaires/edi-systeme-u/index.html]
[www.arteva.fr/solution-edi/plateforme-edi-partenaires/edi-leclerc/index.html]
[www.arteva.fr/solution-edi/plateforme-edi-partenaires/edi-bosch/index.html]
[www.arteva.fr/solution-edi/plateforme-edi-partenaires/edi-gedimat/index.html]
[www.arteva.fr/solution-edi/plateforme-edi-partenaires/edi-rexel/index.html]
[www.arteva.fr/solution-edi/plateforme-edi-partenaires/edi-galeries-lafayette/index.html]
[www.arteva.fr/solution-edi/plateforme-edi-partenaires/edi-konen/index.html]
[www.arteva.fr/solution-edi/plateforme-edi-partenaires/edi-printemps/index.html]
[www.arteva.fr/wp-content/plugins/js_composer/assets/lib/prettyphoto/images/prettyPhoto/default/sprite.png]
[www.arteva.fr/wp-content/plugins/js_composer/assets/lib/prettyphoto/images/prettyPhoto/default/sprite_x.png]
[www.arteva.fr/wp-content/plugins/js_composer/assets/lib/prettyphoto/images/prettyPhoto/default/sprite_y.png]
[www.arteva.fr/wp-content/plugins/js_composer/assets/lib/prettyphoto/images/prettyPhoto/default/sprite_next.png]
[www.arteva.fr/wp-content/plugins/js_composer/assets/lib/prettyphoto/images/prettyPhoto/default/sprite_prev.png]
[www.arteva.fr/wp-content/plugins/js_composer/assets/lib/prettyphoto/images/prettyPhoto/default/default_thumb.png]
[www.arteva.fr/wp-content/plugins/js_composer/assets/lib/prettyphoto/images/prettyPhoto/default/loader.gif]
[www.arteva.fr/wp-content/plugins/js_composer/assets/lib/prettyphoto/images/prettyPhoto/light_rounded/sprite.png]
[www.arteva.fr/wp-content/plugins/js_composer/assets/lib/prettyphoto/images/prettyPhoto/light_rounded/btnNext.png]
[www.arteva.fr/wp-content/plugins/js_composer/assets/lib/prettyphoto/images/prettyPhoto/light_rounded/btnPrevious.png]
[www.arteva.fr/wp-content/plugins/js_composer/assets/lib/prettyphoto/images/prettyPhoto/light_rounded/loader.gif]
[www.arteva.fr/wp-content/plugins/js_composer/assets/lib/prettyphoto/images/prettyPhoto/dark_rounded/sprite.png]
[www.arteva.fr/wp-content/plugins/js_composer/assets/lib/prettyphoto/images/prettyPhoto/dark_rounded/contentPattern.png]
[www.arteva.fr/wp-content/plugins/js_composer/assets/lib/prettyphoto/images/prettyPhoto/dark_rounded/btnNext.png]
[www.arteva.fr/wp-content/plugins/js_composer/assets/lib/prettyphoto/images/prettyPhoto/dark_rounded/btnPrevious.png]
[www.arteva.fr/wp-content/plugins/js_composer/assets/lib/prettyphoto/images/prettyPhoto/dark_rounded/loader.gif]
[www.arteva.fr/wp-content/plugins/js_composer/assets/lib/prettyphoto/images/prettyPhoto/dark_square/loader.gif]
[www.arteva.fr/wp-content/plugins/js_composer/assets/lib/prettyphoto/images/prettyPhoto/dark_square/sprite.png]
[www.arteva.fr/wp-content/plugins/js_composer/assets/lib/prettyphoto/images/prettyPhoto/dark_square/btnNext.png]
[www.arteva.fr/wp-content/plugins/js_composer/assets/lib/prettyphoto/images/prettyPhoto/dark_square/btnPrevious.png]
[www.arteva.fr/wp-content/plugins/js_composer/assets/lib/prettyphoto/images/prettyPhoto/light_square/sprite.png]
[www.arteva.fr/wp-content/plugins/js_composer/assets/lib/prettyphoto/images/prettyPhoto/light_square/btnNext.png]
[www.arteva.fr/wp-content/plugins/js_composer/assets/lib/prettyphoto/images/prettyPhoto/light_square/btnPrevious.png]
[www.arteva.fr/wp-content/plugins/js_composer/assets/lib/prettyphoto/images/prettyPhoto/facebook/sprite.png]
[www.arteva.fr/wp-content/plugins/js_composer/assets/lib/prettyphoto/images/prettyPhoto/facebook/contentPatternTop.png]
[www.arteva.fr/wp-content/plugins/js_composer/assets/lib/prettyphoto/images/prettyPhoto/facebook/contentPatternLeft.png]
[www.arteva.fr/wp-content/plugins/js_composer/assets/lib/prettyphoto/images/prettyPhoto/facebook/contentPatternRight.png]
[www.arteva.fr/wp-content/plugins/js_composer/assets/lib/prettyphoto/images/prettyPhoto/facebook/loader.gif]
[www.arteva.fr/wp-content/plugins/js_composer/assets/lib/prettyphoto/images/prettyPhoto/facebook/btnNext.png]
[www.arteva.fr/wp-content/plugins/js_composer/assets/lib/prettyphoto/images/prettyPhoto/facebook/btnPrevious.png]
[www.arteva.fr/wp-content/plugins/js_composer/assets/lib/prettyphoto/images/prettyPhoto/facebook/contentPatternBottom.png]
[www.arteva.fr/wp-content/plugins/js_composer/assets/lib/prettyphoto/images/prettyPhoto/facebook/default_thumbnail.gif]
[www.arteva.fr/wp-content/cache/min/1/58984597412275accf6096bd7cf46fff.css]
[www.arteva.fr/indexa6ba.html]
[www.arteva.fr/indexa910.html]
[www.arteva.fr/index89b1.html]
[www.arteva.fr/index1d56.html]
[www.arteva.fr/index74f4.html]
[www.arteva.fr/indexb608.html]
[www.arteva.fr/indexb144.html]
[www.arteva.fr/index92c7.html]
[www.arteva.fr/index35a8.html]
[www.arteva.fr/index57be.html]
[www.arteva.fr/index5fda.html]
[www.arteva.fr/indexbbe1.html]
[www.arteva.fr/index4f4b.html]
[www.arteva.fr/index6fb9.html]
[www.arteva.fr/index634b.html]
[www.arteva.fr/index30af.html]
[www.arteva.fr/indexeb3a.html]
[www.arteva.fr/index9889.html]
[www.arteva.fr/index47a6.html]
[www.arteva.fr/indexf548.html]
[www.arteva.fr/index842d.html]
[www.arteva.fr/index53af.html]
[www.arteva.fr/index7f53.html]
[www.arteva.fr/index9c68.html]
[www.arteva.fr/index7967.html]
[www.arteva.fr/index86dc.html]
[www.arteva.fr/index4e9e.html]
[www.arteva.fr/index41bd.html]
[www.arteva.fr/index62ba.html]
[www.arteva.fr/index46bc.html]
[www.arteva.fr/wp-content/themes/unbound/fonts/glyphicons-halflings-regular.svg]
[www.arteva.fr/wp-content/themes/unbound/fonts/fontawesome-webfont3e6e.svg]
[www.arteva.fr/wp-content/themes/unbound/fonts/elusiveicons-webfont28b5.svg]
[www.arteva.fr/wp-content/themes/unbound/images/blog-001-footer-icons.html]
[www.arteva.fr/wp-content/plugins/js_composer/assets/fonts/vc_icons_v2/fonts/vcpb-plugin-iconsb82a.svg]
[www.arteva.fr/wp-content/plugins/js_composer/assets/vc/blur.svg]
[www.arteva.fr/wp-content/plugins/js_composer/assets/fonts/vc_grid/vc_grid_v157a1.svg]
[www.arteva.fr/index732f.html]
[www.arteva.fr/indexae49.html]
[themes.radiantthemes.com/unbound-datadump/wp-content/themes/unbound/images/404-Error-Style-One-Background-Image.png]
[themes.radiantthemes.com/unbound-datadump/wp-content/themes/unbound/images/Maintenance-More-Style-One-Image.png]
[themes.radiantthemes.com/unbound-datadump/wp-content/themes/unbound/images/Maintenance-More-Style-Two-Image.png]
[themes.radiantthemes.com/unbound-datadump/wp-content/themes/unbound/images/Maintenance-More-Style-Three-Image.png]
[themes.radiantthemes.com/unbound-datadump/wp-content/themes/unbound/images/Coming-Soon-Style-One-Background-Image.png]
[themes.radiantthemes.com/unbound-datadump/wp-content/themes/unbound/images/Coming-Soon-Style-Two-Background-Image.png]
[themes.radiantthemes.com/unbound-datadump/wp-content/themes/unbound/images/Coming-Soon-Style-Three-Background-Image.png]
